
> loreweaver@1.7.0 test:content-validation-phase2
> node tests/test-content-validation-phase2.js


[36m≡ƒº¬ Running Content Validation Tests - Phase 2[0m

[32mΓ£à[0m validation script accepts --fix flag
[32mΓ£à[0m validation script accepts --report flag
[32mΓ£à[0m validation script accepts --check-production flag
[31mΓ¥î[0m loads production data for cross-checking
   Error: Should load encounters
[32mΓ£à[0m detects when content already exists in production
[32mΓ£à[0m warns about unknown tags not in production
[32mΓ£à[0m provides suggestions for extreme weight values
[32mΓ£à[0m auto-fix removes extra whitespace
[32mΓ£à[0m auto-fix normalizes tag formatting
[32mΓ£à[0m auto-fix clamps weight to valid range
[32mΓ£à[0m warns about description length issues
[32mΓ£à[0m detects duplicate location details across reveal levels
[32mΓ£à[0m validation report shows warnings and suggestions summary
[32mΓ£à[0m multiple flags work together correctly
[32mΓ£à[0m warns about extreme DC values

==================================================
[36m≡ƒôè Test Results[0m
==================================================
[32mΓ£à Passed: 14[0m
[31mΓ¥î Failed: 1[0m
≡ƒô¥ Total:  15
==================================================

[31mΓ¥î Some tests failed[0m

